<?xml version="1.0" encoding="utf-8"?><testsuites><testsuite name="pytest" errors="0" failures="0" skipped="0" tests="3" time="0.010" timestamp="2025-02-12T11:50:22.443099-05:00" hostname="MacBook.local"><testcase classname="tests.test_haversine" name="test_haversine_mi" time="0.000" /><testcase classname="tests.test_haversine" name="test_haversine_m" time="0.000" /><testcase classname="tests.test_haversine" name="test_haversine_ft" time="0.000" /></testsuite></testsuites>